======================================================== ERRORS ========================================================
_____________________________________ ERROR collecting tests/test_action_tokens.py _____________________________________
ImportError while importing test module '/scratch/gpfs/JORDANAT/mg9965/digital-minds-hackathon/tests/test_action_tokens.py'.
Hint: make sure your test modules/packages have valid Python names.
Traceback:
/home/mg9965/.conda/envs/value-steering-bandit/lib/python3.10/importlib/__init__.py:126: in import_module
    return _bootstrap._gcd_import(name[level:], package, level)
tests/test_action_tokens.py:3: in <module>
    from models.hooked_qwen import action_metrics, verify_action_tokens
E   ModuleNotFoundError: No module named 'models'
__________________________________ ERROR collecting tests/test_bandit_environment.py ___________________________________
ImportError while importing test module '/scratch/gpfs/JORDANAT/mg9965/digital-minds-hackathon/tests/test_bandit_environment.py'.
Hint: make sure your test modules/packages have valid Python names.
Traceback:
/home/mg9965/.conda/envs/value-steering-bandit/lib/python3.10/importlib/__init__.py:126: in import_module
    return _bootstrap._gcd_import(name[level:], package, level)
tests/test_bandit_environment.py:3: in <module>
    from bandit.environment import (
E   ModuleNotFoundError: No module named 'bandit'
_____________________________________ ERROR collecting tests/test_bandit_prompt.py _____________________________________
ImportError while importing test module '/scratch/gpfs/JORDANAT/mg9965/digital-minds-hackathon/tests/test_bandit_prompt.py'.
Hint: make sure your test modules/packages have valid Python names.
Traceback:
/home/mg9965/.conda/envs/value-steering-bandit/lib/python3.10/importlib/__init__.py:126: in import_module
    return _bootstrap._gcd_import(name[level:], package, level)
tests/test_bandit_prompt.py:1: in <module>
    from bandit.prompts import feedback_prompt, initial_prompt
E   ModuleNotFoundError: No module named 'bandit'
____________________________________ ERROR collecting tests/test_baseline_runner.py ____________________________________
ImportError while importing test module '/scratch/gpfs/JORDANAT/mg9965/digital-minds-hackathon/tests/test_baseline_runner.py'.
Hint: make sure your test modules/packages have valid Python names.
Traceback:
/home/mg9965/.conda/envs/value-steering-bandit/lib/python3.10/importlib/__init__.py:126: in import_module
    return _bootstrap._gcd_import(name[level:], package, level)
tests/test_baseline_runner.py:3: in <module>
    from experiments.run_bandit_baseline import episode_conditions, run_episode
E   ModuleNotFoundError: No module named 'experiments'
_____________________________________ ERROR collecting tests/test_conversation.py ______________________________________
ImportError while importing test module '/scratch/gpfs/JORDANAT/mg9965/digital-minds-hackathon/tests/test_conversation.py'.
Hint: make sure your test modules/packages have valid Python names.
Traceback:
/home/mg9965/.conda/envs/value-steering-bandit/lib/python3.10/importlib/__init__.py:126: in import_module
    return _bootstrap._gcd_import(name[level:], package, level)
tests/test_conversation.py:1: in <module>
    from bandit.conversation import BanditConversation
E   ModuleNotFoundError: No module named 'bandit'
______________________________________ ERROR collecting tests/test_hooked_qwen.py ______________________________________
ImportError while importing test module '/scratch/gpfs/JORDANAT/mg9965/digital-minds-hackathon/tests/test_hooked_qwen.py'.
Hint: make sure your test modules/packages have valid Python names.
Traceback:
/home/mg9965/.conda/envs/value-steering-bandit/lib/python3.10/importlib/__init__.py:126: in import_module
    return _bootstrap._gcd_import(name[level:], package, level)
tests/test_hooked_qwen.py:5: in <module>
    from models.hooked_qwen import HookedQwen, discover_layers
E   ModuleNotFoundError: No module named 'models'
___________________________________ ERROR collecting tests/test_neuron_selection.py ____________________________________
ImportError while importing test module '/scratch/gpfs/JORDANAT/mg9965/digital-minds-hackathon/tests/test_neuron_selection.py'.
Hint: make sure your test modules/packages have valid Python names.
Traceback:
/home/mg9965/.conda/envs/value-steering-bandit/lib/python3.10/importlib/__init__.py:126: in import_module
    return _bootstrap._gcd_import(name[level:], package, level)
tests/test_neuron_selection.py:5: in <module>
    from interventions.neuron_selection import rank_input_dimensions, select_top_fraction
E   ModuleNotFoundError: No module named 'interventions'
____________________________________ ERROR collecting tests/test_pipeline_smoke.py _____________________________________
ImportError while importing test module '/scratch/gpfs/JORDANAT/mg9965/digital-minds-hackathon/tests/test_pipeline_smoke.py'.
Hint: make sure your test modules/packages have valid Python names.
Traceback:
/home/mg9965/.conda/envs/value-steering-bandit/lib/python3.10/importlib/__init__.py:126: in import_module
    return _bootstrap._gcd_import(name[level:], package, level)
tests/test_pipeline_smoke.py:1: in <module>
    from experiments.run_bandit_baseline import run_episode
E   ModuleNotFoundError: No module named 'experiments'
____________________________________ ERROR collecting tests/test_replay_matching.py ____________________________________
ImportError while importing test module '/scratch/gpfs/JORDANAT/mg9965/digital-minds-hackathon/tests/test_replay_matching.py'.
Hint: make sure your test modules/packages have valid Python names.
Traceback:
/home/mg9965/.conda/envs/value-steering-bandit/lib/python3.10/importlib/__init__.py:126: in import_module
    return _bootstrap._gcd_import(name[level:], package, level)
tests/test_replay_matching.py:1: in <module>
    from bandit.conversation import BanditConversation
E   ModuleNotFoundError: No module named 'bandit'
________________________________________ ERROR collecting tests/test_schemas.py ________________________________________
ImportError while importing test module '/scratch/gpfs/JORDANAT/mg9965/digital-minds-hackathon/tests/test_schemas.py'.
Hint: make sure your test modules/packages have valid Python names.
Traceback:
/home/mg9965/.conda/envs/value-steering-bandit/lib/python3.10/importlib/__init__.py:126: in import_module
    return _bootstrap._gcd_import(name[level:], package, level)
tests/test_schemas.py:3: in <module>
    from bandit.schemas import DecisionRecord, split_episode_ids
E   ModuleNotFoundError: No module named 'bandit'
_______________________________________ ERROR collecting tests/test_steering.py ________________________________________
ImportError while importing test module '/scratch/gpfs/JORDANAT/mg9965/digital-minds-hackathon/tests/test_steering.py'.
Hint: make sure your test modules/packages have valid Python names.
Traceback:
/home/mg9965/.conda/envs/value-steering-bandit/lib/python3.10/importlib/__init__.py:126: in import_module
    return _bootstrap._gcd_import(name[level:], package, level)
tests/test_steering.py:5: in <module>
    from interventions.steering import (
E   ModuleNotFoundError: No module named 'interventions'
______________________________________ ERROR collecting tests/test_value_probe.py ______________________________________
ImportError while importing test module '/scratch/gpfs/JORDANAT/mg9965/digital-minds-hackathon/tests/test_value_probe.py'.
Hint: make sure your test modules/packages have valid Python names.
Traceback:
/home/mg9965/.conda/envs/value-steering-bandit/lib/python3.10/importlib/__init__.py:126: in import_module
    return _bootstrap._gcd_import(name[level:], package, level)
tests/test_value_probe.py:5: in <module>
    from interventions.value_probe import ValueProbe, fit_value_probe, td_loss
E   ModuleNotFoundError: No module named 'interventions'
=============================================== short test summary info ================================================
ERROR tests/test_action_tokens.py
ERROR tests/test_bandit_environment.py
ERROR tests/test_bandit_prompt.py
ERROR tests/test_baseline_runner.py
ERROR tests/test_conversation.py
ERROR tests/test_hooked_qwen.py
ERROR tests/test_neuron_selection.py
ERROR tests/test_pipeline_smoke.py
ERROR tests/test_replay_matching.py
ERROR tests/test_schemas.py
ERROR tests/test_steering.py
ERROR tests/test_value_probe.py
!!!!!!!!!!!!!!!!!!!!!!!!!!!!!!!!!!!!!!! Interrupted: 12 errors during collection !!!!!!!!!!!!!!!!!!!!!!!!!!!!!!!!!!!!!!!
12 errors in 3.41s